// Jest Snapshot v1, https://goo.gl/fbAQLP

exports[`Renders the header as expected 1`] = `
<header
  className="header"
>
  <a
    href="/"
    onClick={[Function]}
  >
    <h1
      className="logotype"
    >
      vgCal
    </h1>
  </a>
  <div
    className="search css-2b097c-container"
    onKeyDown={[Function]}
  >
    <div
      className="react-select__control css-e91lkq-control"
      onMouseDown={[Function]}
      onTouchEnd={[Function]}
    >
      <div
        className="react-select__value-container css-1hwfws3"
      >
        <div
          className="react-select__placeholder css-1wa3eu0-placeholder"
        >
          Select a game or type to search for one
        </div>
        <div
          className="css-xqydr5-Input"
        >
          <div
            className="react-select__input"
            style={
              Object {
                "display": "inline-block",
              }
            }
          >
            <input
              aria-autocomplete="list"
              autoCapitalize="none"
              autoComplete="off"
              autoCorrect="off"
              disabled={false}
              id="react-select-3-input"
              onBlur={[Function]}
              onChange={[Function]}
              onFocus={[Function]}
              spellCheck="false"
              style={
                Object {
                  "background": 0,
                  "border": 0,
                  "boxSizing": "content-box",
                  "color": "inherit",
                  "fontSize": "inherit",
                  "label": "input",
                  "opacity": 1,
                  "outline": 0,
                  "padding": 0,
                  "width": "1px",
                }
              }
              tabIndex="0"
              type="text"
              value=""
            />
            <div
              style={
                Object {
                  "height": 0,
                  "left": 0,
                  "overflow": "scroll",
                  "position": "absolute",
                  "top": 0,
                  "visibility": "hidden",
                  "whiteSpace": "pre",
                }
              }
            >
              
            </div>
          </div>
        </div>
      </div>
      <div
        className="react-select__indicators css-1hb7zxy-IndicatorsContainer"
      >
        <span
          className="react-select__indicator-separator css-1okebmr-indicatorSeparator"
        />
        <div
          aria-hidden="true"
          className="react-select__indicator react-select__dropdown-indicator css-tlfecz-indicatorContainer"
          onMouseDown={[Function]}
          onTouchEnd={[Function]}
        >
          <svg
            aria-hidden="true"
            className="css-6q0nyr-Svg"
            focusable="false"
            height={20}
            viewBox="0 0 20 20"
            width={20}
          >
            <path
              d="M4.516 7.548c0.436-0.446 1.043-0.481 1.576 0l3.908 3.747 3.908-3.747c0.533-0.481 1.141-0.446 1.574 0 0.436 0.445 0.408 1.197 0 1.615-0.406 0.418-4.695 4.502-4.695 4.502-0.217 0.223-0.502 0.335-0.787 0.335s-0.57-0.112-0.789-0.335c0 0-4.287-4.084-4.695-4.502s-0.436-1.17 0-1.615z"
            />
          </svg>
        </div>
      </div>
    </div>
  </div>
  <nav
    className="header-nav"
  >
    <i
      className="fas fa-question-circle"
      onClick={[Function]}
    />
    <a
      href="https://github.com/bradbautista/"
      rel="noopener noreferrer"
      target="_blank"
    >
      <i
        className="fab fa-github"
      />
    </a>
    <a
      href="https://www.linkedin.com/in/bradford-bautista/"
      rel="noopener noreferrer"
      target="_blank"
    >
      <i
        className="fab fa-linkedin-in"
      />
    </a>
  </nav>
</header>
`;
